// Jest Snapshot v1, https://goo.gl/fbAQLP

exports[`UnitsWrapper renders with correct styling 1`] = `
.c0 {
  display: -webkit-box;
  display: -webkit-flex;
  display: -ms-flexbox;
  display: flex;
  -webkit-flex-wrap: nowrap;
  -ms-flex-wrap: nowrap;
  flex-wrap: nowrap;
  -webkit-align-items: center;
  -webkit-box-align: center;
  -ms-flex-align: center;
  align-items: center;
  -webkit-box-pack: left;
  -webkit-justify-content: left;
  -ms-flex-pack: left;
  justify-content: left;
}

.c0 > div:not(:last-child) {
  margin-right: 6px;
}

<div
  class="c0"
/>
`;
